pages/Company.tsx(1,8): error TS1259: Module '"C:/Users/Geovani Silva/Documents/EscopoV3/EscopoV3 (1)~1/node_modules/@types/react/index"' can only be default-imported using the 'esModuleInterop' flag
pages/Company.tsx(3,25): error TS6142: Module '../contexts/DataContext' was resolved to 'C:/Users/Geovani Silva/Documents/EscopoV3/EscopoV3 (1)~1/contexts/DataContext.tsx', but '--jsx' is not set.
pages/Company.tsx(4,24): error TS6142: Module '../components/ui/Button' was resolved to 'C:/Users/Geovani Silva/Documents/EscopoV3/EscopoV3 (1)~1/components/ui/Button.tsx', but '--jsx' is not set.
pages/Company.tsx(14,9): error TS17004: Cannot use JSX unless the '--jsx' flag is provided.
pages/Company.tsx(15,13): error TS17004: Cannot use JSX unless the '--jsx' flag is provided.
pages/Company.tsx(15,94): error TS17004: Cannot use JSX unless the '--jsx' flag is provided.
pages/Company.tsx(16,13): error TS17004: Cannot use JSX unless the '--jsx' flag is provided.
pages/Company.tsx(17,17): error TS17004: Cannot use JSX unless the '--jsx' flag is provided.
pages/Company.tsx(27,31): error TS17004: Cannot use JSX unless the '--jsx' flag is provided.
pages/Company.tsx(29,21): error TS17004: Cannot use JSX unless the '--jsx' flag is provided.
pages/Company.tsx(30,25): error TS17004: Cannot use JSX unless the '--jsx' flag is provided.
pages/Company.tsx(258,9): error TS17004: Cannot use JSX unless the '--jsx' flag is provided.
pages/Company.tsx(259,13): error TS17004: Cannot use JSX unless the '--jsx' flag is provided.
pages/Company.tsx(260,17): error TS17004: Cannot use JSX unless the '--jsx' flag is provided.
pages/Company.tsx(261,21): error TS17004: Cannot use JSX unless the '--jsx' flag is provided.
pages/Company.tsx(262,25): error TS17004: Cannot use JSX unless the '--jsx' flag is provided.
pages/Company.tsx(263,25): error TS17004: Cannot use JSX unless the '--jsx' flag is provided.
pages/Company.tsx(265,21): error TS17004: Cannot use JSX unless the '--jsx' flag is provided.
pages/Company.tsx(267,29): error TS17004: Cannot use JSX unless the '--jsx' flag is provided.
pages/Company.tsx(268,33): error TS17004: Cannot use JSX unless the '--jsx' flag is provided.
pages/Company.tsx(269,33): error TS17004: Cannot use JSX unless the '--jsx' flag is provided.
pages/Company.tsx(272,29): error TS17004: Cannot use JSX unless the '--jsx' flag is provided.
pages/Company.tsx(277,17): error TS17004: Cannot use JSX unless the '--jsx' flag is provided.
pages/Company.tsx(287,25): error TS17004: Cannot use JSX unless the '--jsx' flag is provided.
pages/Company.tsx(288,29): error TS17004: Cannot use JSX unless the '--jsx' flag is provided.
pages/Company.tsx(294,17): error TS17004: Cannot use JSX unless the '--jsx' flag is provided.
pages/Company.tsx(296,25): error TS17004: Cannot use JSX unless the '--jsx' flag is provided.
pages/Company.tsx(298,29): error TS17004: Cannot use JSX unless the '--jsx' flag is provided.
pages/Company.tsx(299,33): error TS17004: Cannot use JSX unless the '--jsx' flag is provided.
pages/Company.tsx(300,37): error TS17004: Cannot use JSX unless the '--jsx' flag is provided.
pages/Company.tsx(301,37): error TS17004: Cannot use JSX unless the '--jsx' flag is provided.
pages/Company.tsx(303,45): error TS17004: Cannot use JSX unless the '--jsx' flag is provided.
pages/Company.tsx(305,45): error TS17004: Cannot use JSX unless the '--jsx' flag is provided.
pages/Company.tsx(306,49): error TS17004: Cannot use JSX unless the '--jsx' flag is provided.
pages/Company.tsx(307,49): error TS17004: Cannot use JSX unless the '--jsx' flag is provided.
pages/Company.tsx(311,45): error TS17004: Cannot use JSX unless the '--jsx' flag is provided.
pages/Company.tsx(312,49): error TS17004: Cannot use JSX unless the '--jsx' flag is provided.
pages/Company.tsx(313,49): error TS17004: Cannot use JSX unless the '--jsx' flag is provided.
pages/Company.tsx(318,33): error TS17004: Cannot use JSX unless the '--jsx' flag is provided.
pages/Company.tsx(319,37): error TS17004: Cannot use JSX unless the '--jsx' flag is provided.
pages/Company.tsx(320,37): error TS17004: Cannot use JSX unless the '--jsx' flag is provided.
pages/Company.tsx(321,41): error TS17004: Cannot use JSX unless the '--jsx' flag is provided.
pages/Company.tsx(322,45): error TS17004: Cannot use JSX unless the '--jsx' flag is provided.
pages/Company.tsx(322,113): error TS17004: Cannot use JSX unless the '--jsx' flag is provided.
pages/Company.tsx(323,45): error TS17004: Cannot use JSX unless the '--jsx' flag is provided.
pages/Company.tsx(330,49): error TS17004: Cannot use JSX unless the '--jsx' flag is provided.
pages/Company.tsx(331,49): error TS17004: Cannot use JSX unless the '--jsx' flag is provided.
pages/Company.tsx(334,41): error TS17004: Cannot use JSX unless the '--jsx' flag is provided.
pages/Company.tsx(334,219): error TS17004: Cannot use JSX unless the '--jsx' flag is provided.
pages/Company.tsx(334,455): error TS17004: Cannot use JSX unless the '--jsx' flag is provided.
pages/Company.tsx(334,502): error TS17004: Cannot use JSX unless the '--jsx' flag is provided.
pages/Company.tsx(335,41): error TS17004: Cannot use JSX unless the '--jsx' flag is provided.
pages/Company.tsx(336,41): error TS17004: Cannot use JSX unless the '--jsx' flag is provided.
pages/Company.tsx(337,41): error TS17004: Cannot use JSX unless the '--jsx' flag is provided.
pages/Company.tsx(338,41): error TS17004: Cannot use JSX unless the '--jsx' flag is provided.
pages/Company.tsx(342,29): error TS17004: Cannot use JSX unless the '--jsx' flag is provided.
pages/Company.tsx(343,33): error TS17004: Cannot use JSX unless the '--jsx' flag is provided.
pages/Company.tsx(344,33): error TS17004: Cannot use JSX unless the '--jsx' flag is provided.
pages/Company.tsx(345,37): error TS17004: Cannot use JSX unless the '--jsx' flag is provided.
pages/Company.tsx(346,37): error TS17004: Cannot use JSX unless the '--jsx' flag is provided.
pages/Company.tsx(347,37): error TS17004: Cannot use JSX unless the '--jsx' flag is provided.
pages/Company.tsx(348,37): error TS17004: Cannot use JSX unless the '--jsx' flag is provided.
pages/Company.tsx(349,37): error TS17004: Cannot use JSX unless the '--jsx' flag is provided.
pages/Company.tsx(350,37): error TS17004: Cannot use JSX unless the '--jsx' flag is provided.
pages/Company.tsx(351,37): error TS17004: Cannot use JSX unless the '--jsx' flag is provided.
pages/Company.tsx(352,37): error TS17004: Cannot use JSX unless the '--jsx' flag is provided.
pages/Company.tsx(353,37): error TS17004: Cannot use JSX unless the '--jsx' flag is provided.
pages/Company.tsx(354,37): error TS17004: Cannot use JSX unless the '--jsx' flag is provided.
pages/Company.tsx(361,25): error TS17004: Cannot use JSX unless the '--jsx' flag is provided.
pages/Company.tsx(362,29): error TS17004: Cannot use JSX unless the '--jsx' flag is provided.
pages/Company.tsx(363,33): error TS17004: Cannot use JSX unless the '--jsx' flag is provided.
pages/Company.tsx(364,37): error TS17004: Cannot use JSX unless the '--jsx' flag is provided.
pages/Company.tsx(365,37): error TS17004: Cannot use JSX unless the '--jsx' flag is provided.
pages/Company.tsx(366,41): error TS17004: Cannot use JSX unless the '--jsx' flag is provided.
pages/Company.tsx(367,41): error TS17004: Cannot use JSX unless the '--jsx' flag is provided.
pages/Company.tsx(372,62): error TS17004: Cannot use JSX unless the '--jsx' flag is provided.
pages/Company.tsx(376,33): error TS17004: Cannot use JSX unless the '--jsx' flag is provided.
pages/Company.tsx(377,37): error TS17004: Cannot use JSX unless the '--jsx' flag is provided.
pages/Company.tsx(378,41): error TS17004: Cannot use JSX unless the '--jsx' flag is provided.
pages/Company.tsx(379,45): error TS17004: Cannot use JSX unless the '--jsx' flag is provided.
pages/Company.tsx(379,104): error TS17004: Cannot use JSX unless the '--jsx' flag is provided.
pages/Company.tsx(379,133): error TS17004: Cannot use JSX unless the '--jsx' flag is provided.
pages/Company.tsx(379,161): error TS17004: Cannot use JSX unless the '--jsx' flag is provided.
pages/Company.tsx(379,191): error TS17004: Cannot use JSX unless the '--jsx' flag is provided.
pages/Company.tsx(381,41): error TS17004: Cannot use JSX unless the '--jsx' flag is provided.
pages/Company.tsx(383,49): error TS17004: Cannot use JSX unless the '--jsx' flag is provided.
pages/Company.tsx(384,53): error TS17004: Cannot use JSX unless the '--jsx' flag is provided.
pages/Company.tsx(385,57): error TS17004: Cannot use JSX unless the '--jsx' flag is provided.
pages/Company.tsx(386,61): error TS17004: Cannot use JSX unless the '--jsx' flag is provided.
pages/Company.tsx(387,61): error TS17004: Cannot use JSX unless the '--jsx' flag is provided.
pages/Company.tsx(388,61): error TS17004: Cannot use JSX unless the '--jsx' flag is provided.
pages/Company.tsx(394,53): error TS17004: Cannot use JSX unless the '--jsx' flag is provided.
pages/Company.tsx(395,57): error TS17004: Cannot use JSX unless the '--jsx' flag is provided.
pages/Company.tsx(396,57): error TS17004: Cannot use JSX unless the '--jsx' flag is provided.
pages/Company.tsx(397,57): error TS17004: Cannot use JSX unless the '--jsx' flag is provided.
pages/Company.tsx(398,57): error TS17004: Cannot use JSX unless the '--jsx' flag is provided.
pages/Company.tsx(410,25): error TS17004: Cannot use JSX unless the '--jsx' flag is provided.
pages/Company.tsx(411,29): error TS17004: Cannot use JSX unless the '--jsx' flag is provided.
pages/Company.tsx(412,33): error TS17004: Cannot use JSX unless the '--jsx' flag is provided.
pages/Company.tsx(413,33): error TS17004: Cannot use JSX unless the '--jsx' flag is provided.
pages/Company.tsx(415,29): error TS17004: Cannot use JSX unless the '--jsx' flag is provided.
pages/Company.tsx(416,33): error TS17004: Cannot use JSX unless the '--jsx' flag is provided.
pages/Company.tsx(417,37): error TS17004: Cannot use JSX unless the '--jsx' flag is provided.
pages/Company.tsx(417,141): error TS17004: Cannot use JSX unless the '--jsx' flag is provided.
pages/Company.tsx(418,37): error TS17004: Cannot use JSX unless the '--jsx' flag is provided.
pages/Company.tsx(425,41): error TS17004: Cannot use JSX unless the '--jsx' flag is provided.
pages/Company.tsx(426,41): error TS17004: Cannot use JSX unless the '--jsx' flag is provided.
pages/Company.tsx(427,41): error TS17004: Cannot use JSX unless the '--jsx' flag is provided.
pages/Company.tsx(428,41): error TS17004: Cannot use JSX unless the '--jsx' flag is provided.
pages/Company.tsx(429,41): error TS17004: Cannot use JSX unless the '--jsx' flag is provided.
pages/Company.tsx(430,41): error TS17004: Cannot use JSX unless the '--jsx' flag is provided.
pages/Company.tsx(433,33): error TS17004: Cannot use JSX unless the '--jsx' flag is provided.
pages/Company.tsx(434,33): error TS17004: Cannot use JSX unless the '--jsx' flag is provided.
pages/Company.tsx(435,33): error TS17004: Cannot use JSX unless the '--jsx' flag is provided.
pages/Company.tsx(436,33): error TS17004: Cannot use JSX unless the '--jsx' flag is provided.
pages/Company.tsx(439,37): error TS17004: Cannot use JSX unless the '--jsx' flag is provided.
pages/Company.tsx(440,41): error TS17004: Cannot use JSX unless the '--jsx' flag is provided.
pages/Company.tsx(441,41): error TS17004: Cannot use JSX unless the '--jsx' flag is provided.
pages/Company.tsx(446,37): error TS17004: Cannot use JSX unless the '--jsx' flag is provided.
pages/Company.tsx(447,41): error TS17004: Cannot use JSX unless the '--jsx' flag is provided.
pages/Company.tsx(448,41): error TS17004: Cannot use JSX unless the '--jsx' flag is provided.
pages/Company.tsx(453,29): error TS17004: Cannot use JSX unless the '--jsx' flag is provided.
pages/Company.tsx(455,29): error TS17004: Cannot use JSX unless the '--jsx' flag is provided.
pages/Company.tsx(456,33): error TS17004: Cannot use JSX unless the '--jsx' flag is provided.
pages/Company.tsx(457,33): error TS17004: Cannot use JSX unless the '--jsx' flag is provided.
pages/Company.tsx(460,29): error TS17004: Cannot use JSX unless the '--jsx' flag is provided.
pages/Company.tsx(462,33): error TS17004: Cannot use JSX unless the '--jsx' flag is provided.
pages/Company.tsx(463,37): error TS17004: Cannot use JSX unless the '--jsx' flag is provided.
pages/Company.tsx(464,41): error TS17004: Cannot use JSX unless the '--jsx' flag is provided.
pages/Company.tsx(473,41): error TS17004: Cannot use JSX unless the '--jsx' flag is provided.
pages/Company.tsx(476,41): error TS17004: Cannot use JSX unless the '--jsx' flag is provided.
pages/Company.tsx(477,45): error TS17004: Cannot use JSX unless the '--jsx' flag is provided.
pages/Company.tsx(483,33): error TS17004: Cannot use JSX unless the '--jsx' flag is provided.
pages/Company.tsx(484,37): error TS17004: Cannot use JSX unless the '--jsx' flag is provided.
pages/Company.tsx(485,41): error TS17004: Cannot use JSX unless the '--jsx' flag is provided.
pages/Company.tsx(494,41): error TS17004: Cannot use JSX unless the '--jsx' flag is provided.
pages/Company.tsx(497,41): error TS17004: Cannot use JSX unless the '--jsx' flag is provided.
pages/Company.tsx(498,45): error TS17004: Cannot use JSX unless the '--jsx' flag is provided.
pages/Company.tsx(499,49): error TS17004: Cannot use JSX unless the '--jsx' flag is provided.
pages/Company.tsx(500,49): error TS17004: Cannot use JSX unless the '--jsx' flag is provided.
pages/Company.tsx(501,53): error TS17004: Cannot use JSX unless the '--jsx' flag is provided.
pages/Company.tsx(502,53): error TS17004: Cannot use JSX unless the '--jsx' flag is provided.
pages/Company.tsx(510,33): error TS17004: Cannot use JSX unless the '--jsx' flag is provided.
pages/Company.tsx(511,37): error TS17004: Cannot use JSX unless the '--jsx' flag is provided.
pages/Company.tsx(512,41): error TS17004: Cannot use JSX unless the '--jsx' flag is provided.
pages/Company.tsx(521,41): error TS17004: Cannot use JSX unless the '--jsx' flag is provided.
pages/Company.tsx(524,41): error TS17004: Cannot use JSX unless the '--jsx' flag is provided.
pages/Company.tsx(525,45): error TS17004: Cannot use JSX unless the '--jsx' flag is provided.
pages/Company.tsx(531,33): error TS17004: Cannot use JSX unless the '--jsx' flag is provided.
pages/Company.tsx(532,37): error TS17004: Cannot use JSX unless the '--jsx' flag is provided.
pages/Company.tsx(533,41): error TS17004: Cannot use JSX unless the '--jsx' flag is provided.
pages/Company.tsx(542,41): error TS17004: Cannot use JSX unless the '--jsx' flag is provided.
pages/Company.tsx(545,41): error TS17004: Cannot use JSX unless the '--jsx' flag is provided.
pages/Company.tsx(546,45): error TS17004: Cannot use JSX unless the '--jsx' flag is provided.
pages/Company.tsx(547,49): error TS17004: Cannot use JSX unless the '--jsx' flag is provided.
pages/Company.tsx(548,49): error TS17004: Cannot use JSX unless the '--jsx' flag is provided.
pages/Company.tsx(549,53): error TS17004: Cannot use JSX unless the '--jsx' flag is provided.
pages/Company.tsx(550,53): error TS17004: Cannot use JSX unless the '--jsx' flag is provided.
pages/Company.tsx(553,45): error TS17004: Cannot use JSX unless the '--jsx' flag is provided.
pages/Company.tsx(554,49): error TS17004: Cannot use JSX unless the '--jsx' flag is provided.
pages/Company.tsx(555,49): error TS17004: Cannot use JSX unless the '--jsx' flag is provided.
pages/Company.tsx(556,53): error TS17004: Cannot use JSX unless the '--jsx' flag is provided.
pages/Company.tsx(557,53): error TS17004: Cannot use JSX unless the '--jsx' flag is provided.
pages/Company.tsx(558,53): error TS17004: Cannot use JSX unless the '--jsx' flag is provided.
pages/Company.tsx(559,53): error TS17004: Cannot use JSX unless the '--jsx' flag is provided.
pages/Company.tsx(571,25): error TS17004: Cannot use JSX unless the '--jsx' flag is provided.
pages/Company.tsx(572,29): error TS17004: Cannot use JSX unless the '--jsx' flag is provided.
pages/Company.tsx(573,33): error TS17004: Cannot use JSX unless the '--jsx' flag is provided.
pages/Company.tsx(574,33): error TS17004: Cannot use JSX unless the '--jsx' flag is provided.
pages/Company.tsx(575,37): error TS17004: Cannot use JSX unless the '--jsx' flag is provided.
pages/Company.tsx(576,41): error TS17004: Cannot use JSX unless the '--jsx' flag is provided.
pages/Company.tsx(577,45): error TS17004: Cannot use JSX unless the '--jsx' flag is provided.
pages/Company.tsx(579,41): error TS17004: Cannot use JSX unless the '--jsx' flag is provided.
pages/Company.tsx(580,45): error TS17004: Cannot use JSX unless the '--jsx' flag is provided.
pages/Company.tsx(581,45): error TS17004: Cannot use JSX unless the '--jsx' flag is provided.
pages/Company.tsx(584,37): error TS17004: Cannot use JSX unless the '--jsx' flag is provided.
pages/Company.tsx(585,41): error TS17004: Cannot use JSX unless the '--jsx' flag is provided.
pages/Company.tsx(591,33): error TS17004: Cannot use JSX unless the '--jsx' flag is provided.
pages/Company.tsx(592,37): error TS17004: Cannot use JSX unless the '--jsx' flag is provided.
pages/Company.tsx(593,41): error TS17004: Cannot use JSX unless the '--jsx' flag is provided.
pages/Company.tsx(594,45): error TS17004: Cannot use JSX unless the '--jsx' flag is provided.
pages/Company.tsx(596,49): error TS17004: Cannot use JSX unless the '--jsx' flag is provided.
pages/Company.tsx(597,53): error TS17004: Cannot use JSX unless the '--jsx' flag is provided.
pages/Company.tsx(598,53): error TS17004: Cannot use JSX unless the '--jsx' flag is provided.
pages/Company.tsx(601,49): error TS17004: Cannot use JSX unless the '--jsx' flag is provided.
pages/Company.tsx(602,53): error TS17004: Cannot use JSX unless the '--jsx' flag is provided.
pages/Company.tsx(603,53): error TS17004: Cannot use JSX unless the '--jsx' flag is provided.
pages/Company.tsx(606,45): error TS17004: Cannot use JSX unless the '--jsx' flag is provided.
pages/Company.tsx(636,41): error TS17004: Cannot use JSX unless the '--jsx' flag is provided.
pages/Company.tsx(637,45): error TS17004: Cannot use JSX unless the '--jsx' flag is provided.
pages/Company.tsx(646,45): error TS17004: Cannot use JSX unless the '--jsx' flag is provided.
pages/Company.tsx(695,37): error TS17004: Cannot use JSX unless the '--jsx' flag is provided.
pages/Company.tsx(696,41): error TS17004: Cannot use JSX unless the '--jsx' flag is provided.
pages/Company.tsx(697,45): error TS17004: Cannot use JSX unless the '--jsx' flag is provided.
pages/Company.tsx(698,45): error TS17004: Cannot use JSX unless the '--jsx' flag is provided.
pages/Company.tsx(699,49): error TS17004: Cannot use JSX unless the '--jsx' flag is provided.
pages/Company.tsx(703,41): error TS17004: Cannot use JSX unless the '--jsx' flag is provided.
pages/Company.tsx(704,45): error TS17004: Cannot use JSX unless the '--jsx' flag is provided.
pages/Company.tsx(705,45): error TS17004: Cannot use JSX unless the '--jsx' flag is provided.
pages/Company.tsx(707,41): error TS17004: Cannot use JSX unless the '--jsx' flag is provided.
pages/Company.tsx(708,45): error TS17004: Cannot use JSX unless the '--jsx' flag is provided.
pages/Company.tsx(709,45): error TS17004: Cannot use JSX unless the '--jsx' flag is provided.
pages/Company.tsx(713,45): error TS17004: Cannot use JSX unless the '--jsx' flag is provided.
pages/Company.tsx(714,49): error TS17004: Cannot use JSX unless the '--jsx' flag is provided.
pages/Company.tsx(715,53): error TS17004: Cannot use JSX unless the '--jsx' flag is provided.
pages/Company.tsx(717,49): error TS17004: Cannot use JSX unless the '--jsx' flag is provided.
pages/Company.tsx(727,25): error TS17004: Cannot use JSX unless the '--jsx' flag is provided.
pages/Company.tsx(728,29): error TS17004: Cannot use JSX unless the '--jsx' flag is provided.
pages/Company.tsx(729,29): error TS17004: Cannot use JSX unless the '--jsx' flag is provided.
pages/Company.tsx(730,33): error TS17004: Cannot use JSX unless the '--jsx' flag is provided.
pages/Company.tsx(731,37): error TS17004: Cannot use JSX unless the '--jsx' flag is provided.
pages/Company.tsx(732,37): error TS17004: Cannot use JSX unless the '--jsx' flag is provided.
pages/Company.tsx(734,33): error TS17004: Cannot use JSX unless the '--jsx' flag is provided.
pages/Company.tsx(735,37): error TS17004: Cannot use JSX unless the '--jsx' flag is provided.
pages/Company.tsx(736,37): error TS17004: Cannot use JSX unless the '--jsx' flag is provided.
pages/Company.tsx(746,21): error TS17004: Cannot use JSX unless the '--jsx' flag is provided.
pages/Company.tsx(747,25): error TS17004: Cannot use JSX unless the '--jsx' flag is provided.
pages/Company.tsx(748,29): error TS17004: Cannot use JSX unless the '--jsx' flag is provided.
pages/Company.tsx(749,33): error TS17004: Cannot use JSX unless the '--jsx' flag is provided.
pages/Company.tsx(750,33): error TS17004: Cannot use JSX unless the '--jsx' flag is provided.
pages/Company.tsx(754,25): error TS17004: Cannot use JSX unless the '--jsx' flag is provided.
pages/Company.tsx(755,29): error TS17004: Cannot use JSX unless the '--jsx' flag is provided.
pages/Company.tsx(756,33): error TS17004: Cannot use JSX unless the '--jsx' flag is provided.
pages/Company.tsx(757,37): error TS17004: Cannot use JSX unless the '--jsx' flag is provided.
pages/Company.tsx(758,41): error TS17004: Cannot use JSX unless the '--jsx' flag is provided.
pages/Company.tsx(759,41): error TS17004: Cannot use JSX unless the '--jsx' flag is provided.
pages/Company.tsx(760,41): error TS17004: Cannot use JSX unless the '--jsx' flag is provided.
pages/Company.tsx(761,41): error TS17004: Cannot use JSX unless the '--jsx' flag is provided.
pages/Company.tsx(762,41): error TS17004: Cannot use JSX unless the '--jsx' flag is provided.
pages/Company.tsx(765,33): error TS17004: Cannot use JSX unless the '--jsx' flag is provided.
pages/Company.tsx(770,45): error TS17004: Cannot use JSX unless the '--jsx' flag is provided.
pages/Company.tsx(771,49): error TS17004: Cannot use JSX unless the '--jsx' flag is provided.
pages/Company.tsx(772,49): error TS17004: Cannot use JSX unless the '--jsx' flag is provided.
pages/Company.tsx(773,49): error TS17004: Cannot use JSX unless the '--jsx' flag is provided.
pages/Company.tsx(774,49): error TS17004: Cannot use JSX unless the '--jsx' flag is provided.
pages/Company.tsx(775,53): error TS17004: Cannot use JSX unless the '--jsx' flag is provided.
pages/Company.tsx(779,49): error TS17004: Cannot use JSX unless the '--jsx' flag is provided.
pages/Company.tsx(781,57): error TS17004: Cannot use JSX unless the '--jsx' flag is provided.
pages/Company.tsx(785,61): error TS17004: Cannot use JSX unless the '--jsx' flag is provided.
pages/Company.tsx(792,41): error TS17004: Cannot use JSX unless the '--jsx' flag is provided.
pages/Company.tsx(793,45): error TS17004: Cannot use JSX unless the '--jsx' flag is provided.
pages/Company.tsx(794,49): error TS17004: Cannot use JSX unless the '--jsx' flag is provided.
pages/Company.tsx(795,49): error TS17004: Cannot use JSX unless the '--jsx' flag is provided.
pages/Company.tsx(796,49): error TS17004: Cannot use JSX unless the '--jsx' flag is provided.
pages/Company.tsx(808,21): error TS17004: Cannot use JSX unless the '--jsx' flag is provided.
pages/Company.tsx(809,25): error TS17004: Cannot use JSX unless the '--jsx' flag is provided.
pages/Company.tsx(810,29): error TS17004: Cannot use JSX unless the '--jsx' flag is provided.
pages/Company.tsx(811,33): error TS17004: Cannot use JSX unless the '--jsx' flag is provided.
pages/Company.tsx(812,33): error TS17004: Cannot use JSX unless the '--jsx' flag is provided.
pages/Company.tsx(814,29): error TS17004: Cannot use JSX unless the '--jsx' flag is provided.
pages/Company.tsx(820,29): error TS17004: Cannot use JSX unless the '--jsx' flag is provided.
pages/Company.tsx(821,33): error TS17004: Cannot use JSX unless the '--jsx' flag is provided.
pages/Company.tsx(822,37): error TS17004: Cannot use JSX unless the '--jsx' flag is provided.
pages/Company.tsx(824,33): error TS17004: Cannot use JSX unless the '--jsx' flag is provided.
pages/Company.tsx(825,37): error TS17004: Cannot use JSX unless the '--jsx' flag is provided.
pages/Company.tsx(826,41): error TS17004: Cannot use JSX unless the '--jsx' flag is provided.
pages/Company.tsx(827,41): error TS17004: Cannot use JSX unless the '--jsx' flag is provided.
pages/Company.tsx(834,37): error TS17004: Cannot use JSX unless the '--jsx' flag is provided.
pages/Company.tsx(835,41): error TS17004: Cannot use JSX unless the '--jsx' flag is provided.
pages/Company.tsx(836,41): error TS17004: Cannot use JSX unless the '--jsx' flag is provided.
pages/Company.tsx(843,37): error TS17004: Cannot use JSX unless the '--jsx' flag is provided.
pages/Company.tsx(844,41): error TS17004: Cannot use JSX unless the '--jsx' flag is provided.
pages/Company.tsx(845,41): error TS17004: Cannot use JSX unless the '--jsx' flag is provided.
pages/Company.tsx(852,37): error TS17004: Cannot use JSX unless the '--jsx' flag is provided.
pages/Company.tsx(853,41): error TS17004: Cannot use JSX unless the '--jsx' flag is provided.
pages/Company.tsx(854,41): error TS17004: Cannot use JSX unless the '--jsx' flag is provided.
pages/Company.tsx(862,33): error TS17004: Cannot use JSX unless the '--jsx' flag is provided.
pages/Company.tsx(863,37): error TS17004: Cannot use JSX unless the '--jsx' flag is provided.
pages/Company.tsx(864,37): error TS17004: Cannot use JSX unless the '--jsx' flag is provided.
pages/Company.tsx(869,25): error TS17004: Cannot use JSX unless the '--jsx' flag is provided.
pages/Company.tsx(871,33): error TS17004: Cannot use JSX unless the '--jsx' flag is provided.
pages/Company.tsx(872,37): error TS17004: Cannot use JSX unless the '--jsx' flag is provided.
pages/Company.tsx(873,41): error TS17004: Cannot use JSX unless the '--jsx' flag is provided.
pages/Company.tsx(874,45): error TS17004: Cannot use JSX unless the '--jsx' flag is provided.
pages/Company.tsx(876,41): error TS17004: Cannot use JSX unless the '--jsx' flag is provided.
pages/Company.tsx(882,45): error TS17004: Cannot use JSX unless the '--jsx' flag is provided.
pages/Company.tsx(885,37): error TS17004: Cannot use JSX unless the '--jsx' flag is provided.
pages/Company.tsx(886,37): error TS17004: Cannot use JSX unless the '--jsx' flag is provided.
pages/Company.tsx(887,37): error TS17004: Cannot use JSX unless the '--jsx' flag is provided.
pages/Company.tsx(888,41): error TS17004: Cannot use JSX unless the '--jsx' flag is provided.
pages/Company.tsx(889,41): error TS17004: Cannot use JSX unless the '--jsx' flag is provided.
pages/Company.tsx(896,33): error TS17004: Cannot use JSX unless the '--jsx' flag is provided.
pages/Company.tsx(897,37): error TS17004: Cannot use JSX unless the '--jsx' flag is provided.
pages/Company.tsx(898,37): error TS17004: Cannot use JSX unless the '--jsx' flag is provided.
pages/Company.tsx(899,37): error TS17004: Cannot use JSX unless the '--jsx' flag is provided.
pages/Company.tsx(910,17): error TS17004: Cannot use JSX unless the '--jsx' flag is provided.
pages/Company.tsx(911,21): error TS17004: Cannot use JSX unless the '--jsx' flag is provided.
pages/Company.tsx(912,25): error TS17004: Cannot use JSX unless the '--jsx' flag is provided.
pages/Company.tsx(913,29): error TS17004: Cannot use JSX unless the '--jsx' flag is provided.
pages/Company.tsx(914,33): error TS17004: Cannot use JSX unless the '--jsx' flag is provided.
pages/Company.tsx(916,29): error TS17004: Cannot use JSX unless the '--jsx' flag is provided.
pages/Company.tsx(917,29): error TS17004: Cannot use JSX unless the '--jsx' flag is provided.
pages/Company.tsx(917,140): error TS17004: Cannot use JSX unless the '--jsx' flag is provided.
pages/Company.tsx(920,25): error TS17004: Cannot use JSX unless the '--jsx' flag is provided.
pages/Company.tsx(921,29): error TS17004: Cannot use JSX unless the '--jsx' flag is provided.
pages/Company.tsx(922,33): error TS17004: Cannot use JSX unless the '--jsx' flag is provided.
pages/Company.tsx(931,29): error TS17004: Cannot use JSX unless the '--jsx' flag is provided.
pages/Company.tsx(932,33): error TS17004: Cannot use JSX unless the '--jsx' flag is provided.
pages/Company.tsx(933,33): error TS17004: Cannot use JSX unless the '--jsx' flag is provided.
